житомиррррррррррр